******************************************************************************
                  TI ARM Linker PC v20.2.5                     
******************************************************************************
>> Linked Sun May 16 02:06:15 2021

OUTPUT FILE NAME:   <laboratorio7.out>
ENTRY POINT SYMBOL: "_c_int00_noargs"  address: 0000092d


MEMORY CONFIGURATION

         name            origin    length      used     unused   attr    fill
----------------------  --------  ---------  --------  --------  ----  --------
  FLASH                 00000000   00040000  00000b92  0003f46e  R  X
  SRAM                  20000000   00008000  00000208  00007df8  RW X


SEGMENT ALLOCATION MAP

run origin  load origin   length   init length attrs members
----------  ----------- ---------- ----------- ----- -------
00000000    00000000    00000b98   00000b98    r-x
  00000000    00000000    0000026c   0000026c    r-- .intvecs
  0000026c    0000026c    0000081a   0000081a    r-x .text
  00000a88    00000a88    000000dc   000000dc    r-- .const
  00000b68    00000b68    00000030   00000030    r-- .cinit
20000000    20000000    00000208   00000000    rw-
  20000000    20000000    00000200   00000000    rw- .stack
  20000200    20000200    00000004   00000000    rw- .bss
  20000204    20000204    00000004   00000000    rw- .data


SECTION ALLOCATION MAP

 output                                  attributes/
section   page    origin      length       input sections
--------  ----  ----------  ----------   ----------------
.intvecs   0    00000000    0000026c     
                  00000000    0000026c     tm4c123gh6pm_startup_ccs.obj (.intvecs)

.text      0    0000026c    0000081a     
                  0000026c    00000132     driverlib.lib : gpio.obj (.text:GPIOPadConfigSet)
                  0000039e    00000002     --HOLE-- [fill = 0]
                  000003a0    00000110                   : sysctl.obj (.text:SysCtlClockGet)
                  000004b0    000000fc     main.obj (.text)
                  000005ac    000000f4     driverlib.lib : sysctl.obj (.text:SysCtlClockSet)
                  000006a0    0000009c     rtsv7M4_T_le_v4SPD16_eabi.lib : memcpy_t2.asm.obj (.text)
                  0000073c    00000068     driverlib.lib : interrupt.obj (.text:IntEnable)
                  000007a4    00000068     rtsv7M4_T_le_v4SPD16_eabi.lib : copy_decompress_lzss.c.obj (.text:decompress:lzss:__TI_decompress_lzss)
                  0000080c    00000060     driverlib.lib : timer.obj (.text:TimerConfigure)
                  0000086c    00000046                   : uart.obj (.text:UARTConfigSetExpClk)
                  000008b2    00000002     --HOLE-- [fill = 0]
                  000008b4    00000044     rtsv7M4_T_le_v4SPD16_eabi.lib : autoinit.c.obj (.text:__TI_auto_init_nobinit_nopinit:__TI_auto_init_nobinit_nopinit)
                  000008f8    00000034     driverlib.lib : sysctl.obj (.text:SysCtlPeripheralEnable)
                  0000092c    00000034     rtsv7M4_T_le_v4SPD16_eabi.lib : boot_cortex_m.c.obj (.text:_c_int00_noargs:_c_int00_noargs)
                  00000960    0000002a     driverlib.lib : gpio.obj (.text:GPIODirModeSet)
                  0000098a    00000002     --HOLE-- [fill = 0]
                  0000098c    00000020                   : uart.obj (.text:UARTDisable)
                  000009ac    0000001c     rtsv7M4_T_le_v4SPD16_eabi.lib : copy_zero_init.c.obj (.text:decompress:ZI:__TI_zero_init_nomemset:__TI_zero_init_nomemset)
                  000009c8    00000018     driverlib.lib : gpio.obj (.text:GPIOPinTypeGPIOOutput)
                  000009e0    00000014                   : uart.obj (.text:UARTEnable)
                  000009f4    00000012                   : gpio.obj (.text:GPIOPinTypeUART)
                  00000a06    00000012                   : timer.obj (.text:TimerLoadSet)
                  00000a18    00000010                   : interrupt.obj (.text:IntMasterEnable)
                  00000a28    0000000e                   : timer.obj (.text:TimerEnable)
                  00000a36    0000000e     rtsv7M4_T_le_v4SPD16_eabi.lib : copy_decompress_none.c.obj (.text:decompress:none:__TI_decompress_none)
                  00000a44    0000000c     driverlib.lib : cpu.obj (.text:CPUcpsie)
                  00000a50    0000000c     tm4c123gh6pm_startup_ccs.obj (.text)
                  00000a5c    0000000a     driverlib.lib : uart.obj (.text:UARTCharPut)
                  00000a66    00000008                   : timer.obj (.text:TimerIntEnable)
                  00000a6e    00000006                   : gpio.obj (.text:GPIOPinWrite)
                  00000a74    00000006                   : sysctl.obj (.text:SysCtlDelay)
                  00000a7a    00000004                   : timer.obj (.text:TimerIntClear)
                  00000a7e    00000004     rtsv7M4_T_le_v4SPD16_eabi.lib : pre_init.c.obj (.text:_system_pre_init)
                  00000a82    00000004                                   : exit.c.obj (.text:abort:abort)

.const     0    00000a88    000000dc     
                  00000a88    00000070     driverlib.lib : interrupt.obj (.const)
                  00000af8    0000006c                   : sysctl.obj (.const:g_pui32Xtals)

.cinit     0    00000b68    00000030     
                  00000b68    0000000c     (__TI_handler_table)
                  00000b74    00000004     --HOLE-- [fill = 0]
                  00000b78    00000008     (.cinit..bss.load) [load image, compression = zero_init]
                  00000b80    00000007     (.cinit..data.load) [load image, compression = lzss]
                  00000b87    00000001     --HOLE-- [fill = 0]
                  00000b88    00000010     (__TI_cinit_table)

.init_array 
*          0    00000000    00000000     UNINITIALIZED

.bss       0    20000200    00000004     UNINITIALIZED
                  20000200    00000004     (.common:ui32Period)

.data      0    20000204    00000004     UNINITIALIZED
                  20000204    00000004     main.obj (.data)

.stack     0    20000000    00000200     UNINITIALIZED
                  20000000    00000004     rtsv7M4_T_le_v4SPD16_eabi.lib : boot_cortex_m.c.obj (.stack)
                  20000004    000001fc     --HOLE--

__llvm_prf_cnts 
*          0    20000000    00000000     UNINITIALIZED

MODULE SUMMARY

       Module                         code   ro data   rw data
       ------                         ----   -------   -------
    .\
       tm4c123gh6pm_startup_ccs.obj   12     620       0      
       main.obj                       252    0         8      
    +--+------------------------------+------+---------+---------+
       Total:                         264    620       8      
                                                              
    C:/ti/TivaWare_C_Series-2.1.4.178/driverlib/ccs/Debug/driverlib.lib
       sysctl.obj                     574    108       0      
       gpio.obj                       396    0         0      
       interrupt.obj                  120    112       0      
       timer.obj                      140    0         0      
       uart.obj                       132    0         0      
       cpu.obj                        12     0         0      
    +--+------------------------------+------+---------+---------+
       Total:                         1374   220       0      
                                                              
    C:\ti\ccs1031\ccs\tools\compiler\ti-cgt-arm_20.2.5.LTS\lib\rtsv7M4_T_le_v4SPD16_eabi.lib
       memcpy_t2.asm.obj              156    0         0      
       copy_decompress_lzss.c.obj     104    0         0      
       autoinit.c.obj                 68     0         0      
       boot_cortex_m.c.obj            52     0         0      
       copy_zero_init.c.obj           28     0         0      
       copy_decompress_none.c.obj     14     0         0      
       exit.c.obj                     4      0         0      
       pre_init.c.obj                 4      0         0      
    +--+------------------------------+------+---------+---------+
       Total:                         430    0         0      
                                                              
       Stack:                         0      0         512    
       Linker Generated:              0      43        0      
    +--+------------------------------+------+---------+---------+
       Grand Total:                   2068   883       520    


LINKER GENERATED COPY TABLES

__TI_cinit_table @ 00000b88 records: 2, size/record: 8, table size: 16
	.bss: load addr=00000b78, load size=00000008 bytes, run addr=20000200, run size=00000004 bytes, compression=zero_init
	.data: load addr=00000b80, load size=00000007 bytes, run addr=20000204, run size=00000004 bytes, compression=lzss


LINKER GENERATED HANDLER TABLE

__TI_handler_table @ 00000b68 records: 3, size/record: 4, table size: 12
	index: 0, handler: __TI_decompress_lzss
	index: 1, handler: __TI_decompress_none
	index: 2, handler: __TI_zero_init


GLOBAL SYMBOLS: SORTED ALPHABETICALLY BY Name 

address   name                          
-------   ----                          
00000a83  C$$EXIT                       
00000a45  CPUcpsie                      
00000961  GPIODirModeSet                
0000026d  GPIOPadConfigSet              
000009c9  GPIOPinTypeGPIOOutput         
000009f5  GPIOPinTypeUART               
00000a6f  GPIOPinWrite                  
00000559  InitUART                      
0000073d  IntEnable                     
00000a19  IntMasterEnable               
00000a51  ResetISR                      
000003a1  SysCtlClockGet                
000005ad  SysCtlClockSet                
00000a75  SysCtlDelay                   
000008f9  SysCtlPeripheralEnable        
00000525  Timer0IntHandler              
0000080d  TimerConfigure                
00000a29  TimerEnable                   
00000a7b  TimerIntClear                 
00000a67  TimerIntEnable                
00000a07  TimerLoadSet                  
00000a5d  UARTCharPut                   
0000086d  UARTConfigSetExpClk           
0000098d  UARTDisable                   
000009e1  UARTEnable                    
20000200  __STACK_END                   
00000200  __STACK_SIZE                  
20000200  __STACK_TOP                   
00000b88  __TI_CINIT_Base               
00000b98  __TI_CINIT_Limit              
00000b68  __TI_Handler_Table_Base       
00000b74  __TI_Handler_Table_Limit      
000008b5  __TI_auto_init_nobinit_nopinit
000007a5  __TI_decompress_lzss          
00000a37  __TI_decompress_none          
ffffffff  __TI_pprof_out_hndl           
ffffffff  __TI_prof_data_size           
ffffffff  __TI_prof_data_start          
00000000  __TI_static_base__            
000009ad  __TI_zero_init_nomemset       
000006a1  __aeabi_memcpy                
000006a1  __aeabi_memcpy4               
000006a1  __aeabi_memcpy8               
ffffffff  __binit__                     
ffffffff  __c_args__                    
UNDEFED   __mpu_init                    
20000000  __stack                       
20000000  __start___llvm_prf_cnts       
20000000  __stop___llvm_prf_cnts        
0000092d  _c_int00_noargs               
UNDEFED   _system_post_cinit            
00000a7f  _system_pre_init              
00000a83  abort                         
20000204  bandera                       
ffffffff  binit                         
00000000  g_pfnVectors                  
000004b1  main                          
000006a1  memcpy                        
20000200  ui32Period                    


GLOBAL SYMBOLS: SORTED BY Symbol Address 

address   name                          
-------   ----                          
00000000  __TI_static_base__            
00000000  g_pfnVectors                  
00000200  __STACK_SIZE                  
0000026d  GPIOPadConfigSet              
000003a1  SysCtlClockGet                
000004b1  main                          
00000525  Timer0IntHandler              
00000559  InitUART                      
000005ad  SysCtlClockSet                
000006a1  __aeabi_memcpy                
000006a1  __aeabi_memcpy4               
000006a1  __aeabi_memcpy8               
000006a1  memcpy                        
0000073d  IntEnable                     
000007a5  __TI_decompress_lzss          
0000080d  TimerConfigure                
0000086d  UARTConfigSetExpClk           
000008b5  __TI_auto_init_nobinit_nopinit
000008f9  SysCtlPeripheralEnable        
0000092d  _c_int00_noargs               
00000961  GPIODirModeSet                
0000098d  UARTDisable                   
000009ad  __TI_zero_init_nomemset       
000009c9  GPIOPinTypeGPIOOutput         
000009e1  UARTEnable                    
000009f5  GPIOPinTypeUART               
00000a07  TimerLoadSet                  
00000a19  IntMasterEnable               
00000a29  TimerEnable                   
00000a37  __TI_decompress_none          
00000a45  CPUcpsie                      
00000a51  ResetISR                      
00000a5d  UARTCharPut                   
00000a67  TimerIntEnable                
00000a6f  GPIOPinWrite                  
00000a75  SysCtlDelay                   
00000a7b  TimerIntClear                 
00000a7f  _system_pre_init              
00000a83  C$$EXIT                       
00000a83  abort                         
00000b68  __TI_Handler_Table_Base       
00000b74  __TI_Handler_Table_Limit      
00000b88  __TI_CINIT_Base               
00000b98  __TI_CINIT_Limit              
20000000  __stack                       
20000000  __start___llvm_prf_cnts       
20000000  __stop___llvm_prf_cnts        
20000200  __STACK_END                   
20000200  __STACK_TOP                   
20000200  ui32Period                    
20000204  bandera                       
ffffffff  __TI_pprof_out_hndl           
ffffffff  __TI_prof_data_size           
ffffffff  __TI_prof_data_start          
ffffffff  __binit__                     
ffffffff  __c_args__                    
ffffffff  binit                         
UNDEFED   __mpu_init                    
UNDEFED   _system_post_cinit            

[59 symbols]
